Warning 503: sta.tcl line 1, report_checks -group_count is deprecated. Use -group_path_count instead.
Startpoint: lfsr[1]_sg13g2_a22oi_1_A1_B2_sg13g2_inv_1_Y_A_sg13g2_dfrbpq_1_Q
            (rising edge-triggered flip-flop clocked by clk)
Endpoint: bist_a[0]_sg13g2_dfrbpq_1_Q
          (rising edge-triggered flip-flop clocked by clk)
Path Group: clk
Path Type: min

   Delay     Time   Description
-----------------------------------------------------------
   0.000    0.000   clock clk (rise edge)
   0.000    0.000   clock network delay (ideal)
   0.000    0.000 ^ lfsr[1]_sg13g2_a22oi_1_A1_B2_sg13g2_inv_1_Y_A_sg13g2_dfrbpq_1_Q/CLK (sg13g2_dfrbpq_1)
   0.168    0.168 ^ lfsr[1]_sg13g2_a22oi_1_A1_B2_sg13g2_inv_1_Y_A_sg13g2_dfrbpq_1_Q/Q (sg13g2_dfrbpq_1)
   0.051    0.220 v bist_a[0]_sg13g2_dfrbpq_1_Q_D_sg13g2_a21oi_1_Y/Y (sg13g2_a21oi_1)
   0.000    0.220 v bist_a[0]_sg13g2_dfrbpq_1_Q/D (sg13g2_dfrbpq_1)
            0.220   data arrival time

   0.000    0.000   clock clk (rise edge)
   0.000    0.000   clock network delay (ideal)
   0.100    0.100   clock uncertainty
   0.000    0.100   clock reconvergence pessimism
            0.100 ^ bist_a[0]_sg13g2_dfrbpq_1_Q/CLK (sg13g2_dfrbpq_1)
  -0.038    0.062   library hold time
            0.062   data required time
-----------------------------------------------------------
            0.062   data required time
           -0.220   data arrival time
-----------------------------------------------------------
            0.158   slack (MET)


Startpoint: scan_reg[0]_sg13g2_dfrbpq_1_Q
            (rising edge-triggered flip-flop clocked by clk)
Endpoint: scan_reg[0]_sg13g2_dfrbpq_1_Q
          (rising edge-triggered flip-flop clocked by clk)
Path Group: clk
Path Type: min

   Delay     Time   Description
-----------------------------------------------------------
   0.000    0.000   clock clk (rise edge)
   0.000    0.000   clock network delay (ideal)
   0.000    0.000 ^ scan_reg[0]_sg13g2_dfrbpq_1_Q/CLK (sg13g2_dfrbpq_1)
   0.155    0.155 v scan_reg[0]_sg13g2_dfrbpq_1_Q/Q (sg13g2_dfrbpq_1)
   0.028    0.183 ^ scan_reg[0]_sg13g2_inv_1_A/Y (sg13g2_inv_1)
   0.042    0.225 v scan_reg[0]_sg13g2_dfrbpq_1_Q_D_sg13g2_a21oi_1_Y/Y (sg13g2_a21oi_1)
   0.000    0.225 v scan_reg[0]_sg13g2_dfrbpq_1_Q/D (sg13g2_dfrbpq_1)
            0.225   data arrival time

   0.000    0.000   clock clk (rise edge)
   0.000    0.000   clock network delay (ideal)
   0.100    0.100   clock uncertainty
   0.000    0.100   clock reconvergence pessimism
            0.100 ^ scan_reg[0]_sg13g2_dfrbpq_1_Q/CLK (sg13g2_dfrbpq_1)
  -0.037    0.063   library hold time
            0.063   data required time
-----------------------------------------------------------
            0.063   data required time
           -0.225   data arrival time
-----------------------------------------------------------
            0.162   slack (MET)


Startpoint: scan_reg[10]_sg13g2_dfrbpq_1_Q
            (rising edge-triggered flip-flop clocked by clk)
Endpoint: scan_reg[10]_sg13g2_dfrbpq_1_Q
          (rising edge-triggered flip-flop clocked by clk)
Path Group: clk
Path Type: min

   Delay     Time   Description
-----------------------------------------------------------
   0.000    0.000   clock clk (rise edge)
   0.000    0.000   clock network delay (ideal)
   0.000    0.000 ^ scan_reg[10]_sg13g2_dfrbpq_1_Q/CLK (sg13g2_dfrbpq_1)
   0.156    0.156 v scan_reg[10]_sg13g2_dfrbpq_1_Q/Q (sg13g2_dfrbpq_1)
   0.028    0.183 ^ scan_reg[10]_sg13g2_inv_1_A/Y (sg13g2_inv_1)
   0.042    0.226 v scan_reg[10]_sg13g2_dfrbpq_1_Q_D_sg13g2_a21oi_1_Y/Y (sg13g2_a21oi_1)
   0.000    0.226 v scan_reg[10]_sg13g2_dfrbpq_1_Q/D (sg13g2_dfrbpq_1)
            0.226   data arrival time

   0.000    0.000   clock clk (rise edge)
   0.000    0.000   clock network delay (ideal)
   0.100    0.100   clock uncertainty
   0.000    0.100   clock reconvergence pessimism
            0.100 ^ scan_reg[10]_sg13g2_dfrbpq_1_Q/CLK (sg13g2_dfrbpq_1)
  -0.037    0.063   library hold time
            0.063   data required time
-----------------------------------------------------------
            0.063   data required time
           -0.226   data arrival time
-----------------------------------------------------------
            0.162   slack (MET)


Startpoint: scan_reg[56]_sg13g2_dfrbpq_1_Q
            (rising edge-triggered flip-flop clocked by clk)
Endpoint: scan_reg[55]_sg13g2_dfrbpq_1_Q
          (rising edge-triggered flip-flop clocked by clk)
Path Group: clk
Path Type: min

   Delay     Time   Description
-----------------------------------------------------------
   0.000    0.000   clock clk (rise edge)
   0.000    0.000   clock network delay (ideal)
   0.000    0.000 ^ scan_reg[56]_sg13g2_dfrbpq_1_Q/CLK (sg13g2_dfrbpq_1)
   0.156    0.156 v scan_reg[56]_sg13g2_dfrbpq_1_Q/Q (sg13g2_dfrbpq_1)
   0.028    0.184 ^ scan_reg[56]_sg13g2_inv_1_A/Y (sg13g2_inv_1)
   0.042    0.226 v scan_reg[55]_sg13g2_dfrbpq_1_Q_D_sg13g2_a21oi_1_Y/Y (sg13g2_a21oi_1)
   0.000    0.226 v scan_reg[55]_sg13g2_dfrbpq_1_Q/D (sg13g2_dfrbpq_1)
            0.226   data arrival time

   0.000    0.000   clock clk (rise edge)
   0.000    0.000   clock network delay (ideal)
   0.100    0.100   clock uncertainty
   0.000    0.100   clock reconvergence pessimism
            0.100 ^ scan_reg[55]_sg13g2_dfrbpq_1_Q/CLK (sg13g2_dfrbpq_1)
  -0.037    0.063   library hold time
            0.063   data required time
-----------------------------------------------------------
            0.063   data required time
           -0.226   data arrival time
-----------------------------------------------------------
            0.163   slack (MET)


Startpoint: fault_counter[7]_sg13g2_dfrbpq_1_Q
            (rising edge-triggered flip-flop clocked by clk)
Endpoint: fault_counter[7]_sg13g2_dfrbpq_1_Q
          (rising edge-triggered flip-flop clocked by clk)
Path Group: clk
Path Type: min

   Delay     Time   Description
-----------------------------------------------------------
   0.000    0.000   clock clk (rise edge)
   0.000    0.000   clock network delay (ideal)
   0.000    0.000 ^ fault_counter[7]_sg13g2_dfrbpq_1_Q/CLK (sg13g2_dfrbpq_1)
   0.166    0.166 v fault_counter[7]_sg13g2_dfrbpq_1_Q/Q (sg13g2_dfrbpq_1)
   0.058    0.224 v fault_counter[7]_sg13g2_dfrbpq_1_Q_D_sg13g2_xnor2_1_Y/Y (sg13g2_xnor2_1)
   0.000    0.224 v fault_counter[7]_sg13g2_dfrbpq_1_Q/D (sg13g2_dfrbpq_1)
            0.224   data arrival time

   0.000    0.000   clock clk (rise edge)
   0.000    0.000   clock network delay (ideal)
   0.100    0.100   clock uncertainty
   0.000    0.100   clock reconvergence pessimism
            0.100 ^ fault_counter[7]_sg13g2_dfrbpq_1_Q/CLK (sg13g2_dfrbpq_1)
  -0.040    0.060   library hold time
            0.060   data required time
-----------------------------------------------------------
            0.060   data required time
           -0.224   data arrival time
-----------------------------------------------------------
            0.164   slack (MET)


Startpoint: scan_reg[18]_sg13g2_dfrbpq_1_Q
            (rising edge-triggered flip-flop clocked by clk)
Endpoint: scan_reg[17]_sg13g2_dfrbpq_1_Q
          (rising edge-triggered flip-flop clocked by clk)
Path Group: clk
Path Type: min

   Delay     Time   Description
-----------------------------------------------------------
   0.000    0.000   clock clk (rise edge)
   0.000    0.000   clock network delay (ideal)
   0.000    0.000 ^ scan_reg[18]_sg13g2_dfrbpq_1_Q/CLK (sg13g2_dfrbpq_1)
   0.149    0.149 v scan_reg[18]_sg13g2_dfrbpq_1_Q/Q (sg13g2_dfrbpq_1)
   0.033    0.182 ^ scan_reg[18]_sg13g2_inv_1_A/Y (sg13g2_inv_1)
   0.046    0.228 v scan_reg[17]_sg13g2_dfrbpq_1_Q_D_sg13g2_a21oi_1_Y/Y (sg13g2_a21oi_1)
   0.000    0.228 v scan_reg[17]_sg13g2_dfrbpq_1_Q/D (sg13g2_dfrbpq_1)
            0.228   data arrival time

   0.000    0.000   clock clk (rise edge)
   0.000    0.000   clock network delay (ideal)
   0.100    0.100   clock uncertainty
   0.000    0.100   clock reconvergence pessimism
            0.100 ^ scan_reg[17]_sg13g2_dfrbpq_1_Q/CLK (sg13g2_dfrbpq_1)
  -0.037    0.063   library hold time
            0.063   data required time
-----------------------------------------------------------
            0.063   data required time
           -0.228   data arrival time
-----------------------------------------------------------
            0.165   slack (MET)


Startpoint: scan_reg[2]_sg13g2_dfrbpq_1_Q
            (rising edge-triggered flip-flop clocked by clk)
Endpoint: scan_reg[1]_sg13g2_dfrbpq_1_Q
          (rising edge-triggered flip-flop clocked by clk)
Path Group: clk
Path Type: min

   Delay     Time   Description
-----------------------------------------------------------
   0.000    0.000   clock clk (rise edge)
   0.000    0.000   clock network delay (ideal)
   0.000    0.000 ^ scan_reg[2]_sg13g2_dfrbpq_1_Q/CLK (sg13g2_dfrbpq_1)
   0.149    0.149 v scan_reg[2]_sg13g2_dfrbpq_1_Q/Q (sg13g2_dfrbpq_1)
   0.033    0.182 ^ scan_reg[2]_sg13g2_inv_1_A/Y (sg13g2_inv_1)
   0.046    0.228 v scan_reg[1]_sg13g2_dfrbpq_1_Q_D_sg13g2_a21oi_1_Y/Y (sg13g2_a21oi_1)
   0.000    0.228 v scan_reg[1]_sg13g2_dfrbpq_1_Q/D (sg13g2_dfrbpq_1)
            0.228   data arrival time

   0.000    0.000   clock clk (rise edge)
   0.000    0.000   clock network delay (ideal)
   0.100    0.100   clock uncertainty
   0.000    0.100   clock reconvergence pessimism
            0.100 ^ scan_reg[1]_sg13g2_dfrbpq_1_Q/CLK (sg13g2_dfrbpq_1)
  -0.037    0.063   library hold time
            0.063   data required time
-----------------------------------------------------------
            0.063   data required time
           -0.228   data arrival time
-----------------------------------------------------------
            0.165   slack (MET)


Startpoint: scan_reg[9]_sg13g2_dfrbpq_1_Q
            (rising edge-triggered flip-flop clocked by clk)
Endpoint: scan_reg[8]_sg13g2_dfrbpq_1_Q
          (rising edge-triggered flip-flop clocked by clk)
Path Group: clk
Path Type: min

   Delay     Time   Description
-----------------------------------------------------------
   0.000    0.000   clock clk (rise edge)
   0.000    0.000   clock network delay (ideal)
   0.000    0.000 ^ scan_reg[9]_sg13g2_dfrbpq_1_Q/CLK (sg13g2_dfrbpq_1)
   0.149    0.149 v scan_reg[9]_sg13g2_dfrbpq_1_Q/Q (sg13g2_dfrbpq_1)
   0.033    0.182 ^ scan_reg[9]_sg13g2_inv_1_A/Y (sg13g2_inv_1)
   0.046    0.228 v scan_reg[8]_sg13g2_dfrbpq_1_Q_D_sg13g2_a21oi_1_Y/Y (sg13g2_a21oi_1)
   0.000    0.228 v scan_reg[8]_sg13g2_dfrbpq_1_Q/D (sg13g2_dfrbpq_1)
            0.228   data arrival time

   0.000    0.000   clock clk (rise edge)
   0.000    0.000   clock network delay (ideal)
   0.100    0.100   clock uncertainty
   0.000    0.100   clock reconvergence pessimism
            0.100 ^ scan_reg[8]_sg13g2_dfrbpq_1_Q/CLK (sg13g2_dfrbpq_1)
  -0.037    0.063   library hold time
            0.063   data required time
-----------------------------------------------------------
            0.063   data required time
           -0.228   data arrival time
-----------------------------------------------------------
            0.165   slack (MET)


Startpoint: scan_reg[12]_sg13g2_dfrbpq_1_Q
            (rising edge-triggered flip-flop clocked by clk)
Endpoint: scan_reg[11]_sg13g2_dfrbpq_1_Q
          (rising edge-triggered flip-flop clocked by clk)
Path Group: clk
Path Type: min

   Delay     Time   Description
-----------------------------------------------------------
   0.000    0.000   clock clk (rise edge)
   0.000    0.000   clock network delay (ideal)
   0.000    0.000 ^ scan_reg[12]_sg13g2_dfrbpq_1_Q/CLK (sg13g2_dfrbpq_1)
   0.149    0.149 v scan_reg[12]_sg13g2_dfrbpq_1_Q/Q (sg13g2_dfrbpq_1)
   0.033    0.182 ^ scan_reg[12]_sg13g2_inv_1_A/Y (sg13g2_inv_1)
   0.046    0.228 v scan_reg[11]_sg13g2_dfrbpq_1_Q_D_sg13g2_a21oi_1_Y/Y (sg13g2_a21oi_1)
   0.000    0.228 v scan_reg[11]_sg13g2_dfrbpq_1_Q/D (sg13g2_dfrbpq_1)
            0.228   data arrival time

   0.000    0.000   clock clk (rise edge)
   0.000    0.000   clock network delay (ideal)
   0.100    0.100   clock uncertainty
   0.000    0.100   clock reconvergence pessimism
            0.100 ^ scan_reg[11]_sg13g2_dfrbpq_1_Q/CLK (sg13g2_dfrbpq_1)
  -0.037    0.063   library hold time
            0.063   data required time
-----------------------------------------------------------
            0.063   data required time
           -0.228   data arrival time
-----------------------------------------------------------
            0.165   slack (MET)


Startpoint: scan_reg[20]_sg13g2_dfrbpq_1_Q
            (rising edge-triggered flip-flop clocked by clk)
Endpoint: scan_reg[19]_sg13g2_dfrbpq_1_Q
          (rising edge-triggered flip-flop clocked by clk)
Path Group: clk
Path Type: min

   Delay     Time   Description
-----------------------------------------------------------
   0.000    0.000   clock clk (rise edge)
   0.000    0.000   clock network delay (ideal)
   0.000    0.000 ^ scan_reg[20]_sg13g2_dfrbpq_1_Q/CLK (sg13g2_dfrbpq_1)
   0.149    0.149 v scan_reg[20]_sg13g2_dfrbpq_1_Q/Q (sg13g2_dfrbpq_1)
   0.033    0.182 ^ scan_reg[20]_sg13g2_inv_1_A/Y (sg13g2_inv_1)
   0.046    0.228 v scan_reg[19]_sg13g2_dfrbpq_1_Q_D_sg13g2_a21oi_1_Y/Y (sg13g2_a21oi_1)
   0.000    0.228 v scan_reg[19]_sg13g2_dfrbpq_1_Q/D (sg13g2_dfrbpq_1)
            0.228   data arrival time

   0.000    0.000   clock clk (rise edge)
   0.000    0.000   clock network delay (ideal)
   0.100    0.100   clock uncertainty
   0.000    0.100   clock reconvergence pessimism
            0.100 ^ scan_reg[19]_sg13g2_dfrbpq_1_Q/CLK (sg13g2_dfrbpq_1)
  -0.037    0.063   library hold time
            0.063   data required time
-----------------------------------------------------------
            0.063   data required time
           -0.228   data arrival time
-----------------------------------------------------------
            0.165   slack (MET)


